+ cd /home/shubham/devops-heros/session-16-github-actions/demo
+ docker run --rm -v /home/shubham/devops-heros/session-16-github-actions/demo:/work -w /work python:3.12-slim sh -c 'pip install -r requirements.txt && python -m pytest -v && bash build.sh'
Collecting pytest (from -r requirements.txt (line 1))
  Downloading pytest-9.1.1-py3-none-any.whl.metadata (7.6 kB)
Collecting iniconfig>=1.0.1 (from pytest->-r requirements.txt (line 1))
  Downloading iniconfig-2.3.1-py3-none-any.whl.metadata (2.8 kB)
Collecting packaging>=22 (from pytest->-r requirements.txt (line 1))
  Downloading packaging-26.3-py3-none-any.whl.metadata (3.5 kB)
Collecting pluggy<2,>=1.5 (from pytest->-r requirements.txt (line 1))
  Downloading pluggy-1.6.0-py3-none-any.whl.metadata (4.8 kB)
Collecting pygments>=2.7.2 (from pytest->-r requirements.txt (line 1))
  Downloading pygments-2.21.0-py3-none-any.whl.metadata (2.5 kB)
Downloading pytest-9.1.1-py3-none-any.whl (386 kB)
Downloading iniconfig-2.3.1-py3-none-any.whl (7.6 kB)
Downloading packaging-26.3-py3-none-any.whl (129 kB)
Downloading pluggy-1.6.0-py3-none-any.whl (20 kB)
Downloading pygments-2.21.0-py3-none-any.whl (1.3 MB)
   ━━━━━━━━━━━━━━━━━━━━━━━━━━━━━━━━━━━━━━━━ 1.3/1.3 MB 60.9 MB/s eta 0:00:00
Installing collected packages: pygments, pluggy, packaging, iniconfig, pytest
Successfully installed iniconfig-2.3.1 packaging-26.3 pluggy-1.6.0 pygments-2.21.0 pytest-9.1.1
WARNING: Running pip as the 'root' user can result in broken permissions and conflicting behaviour with the system package manager, possibly rendering your system unusable. It is recommended to use a virtual environment instead: https://pip.pypa.io/warnings/venv. Use the --root-user-action option if you know what you are doing and want to suppress this warning.

[notice] A new release of pip is available: 25.0.1 -> 26.2.1
[notice] To update, run: pip install --upgrade pip
============================= test session starts ==============================
platform linux -- Python 3.12.15, pytest-9.1.1, pluggy-1.6.0 -- /usr/local/bin/python
cachedir: .pytest_cache
rootdir: /work
collecting ... collected 9 items

tests/test_calculator.py::test_add PASSED                                [ 11%]
tests/test_calculator.py::test_subtract PASSED                           [ 22%]
tests/test_calculator.py::test_multiply PASSED                           [ 33%]
tests/test_calculator.py::test_divide PASSED                             [ 44%]
tests/test_calculator.py::test_divide_by_zero PASSED                     [ 55%]
tests/test_calculator.py::test_signed_zero_and_fractional_inputs[add--8-3--5] PASSED [ 66%]
tests/test_calculator.py::test_signed_zero_and_fractional_inputs[subtract-2-7--5] PASSED [ 77%]
tests/test_calculator.py::test_signed_zero_and_fractional_inputs[multiply-12-0-0] PASSED [ 88%]
tests/test_calculator.py::test_signed_zero_and_fractional_inputs[divide-5-2-2.5] PASSED [100%]

============================== 9 passed in 0.03s ===============================
Starting build...
Application copied to build directory.
Build completed successfully.
+ docker build -t shubham-calculator .
DEPRECATED: The legacy builder is deprecated and will be removed in a future release.
            Install the buildx component to build images with BuildKit:
            https://docs.docker.com/go/buildx/

Sending build context to Docker daemon  35.33kB

Step 1/4 : FROM python:3.12-alpine
 ---> 979e5a8a5684
Step 2/4 : WORKDIR /app
 ---> Using cache
 ---> 4b38c8aab044
Step 3/4 : COPY app ./app
 ---> 7f1cca00c8ca
Step 4/4 : CMD ["python", "-c", "from app.calculator import divide; print('Shubham calculator — 9 / 2 =', divide(9, 2))"]
 ---> Running in eb01e836bcb2
 ---> Removed intermediate container eb01e836bcb2
 ---> 0ac9d32774de
Successfully built 0ac9d32774de
Successfully tagged shubham-calculator:latest
+ docker run --rm shubham-calculator
Shubham calculator — 9 / 2 = 4.5
