+ export PATH=/home/shubham/.local/bin:/home/shubham/.local/bin:/home/shubham/.local/bin:/usr/local/sbin:/usr/local/bin:/usr/sbin:/usr/bin:/sbin:/bin:/snap/bin
+ PATH=/home/shubham/.local/bin:/home/shubham/.local/bin:/home/shubham/.local/bin:/usr/local/sbin:/usr/local/bin:/usr/sbin:/usr/bin:/sbin:/bin:/snap/bin
+ cd /home/shubham/devops-heros/session-15-helm
+ helm lint notes-chart
==> Linting notes-chart
[INFO] Chart.yaml: icon is recommended

1 chart(s) linted, 0 chart(s) failed
+ helm create practice-chart
Creating practice-chart
+ timeout 45 helm repo add prometheus-community https://prometheus-community.github.io/helm-charts
"prometheus-community" has been added to your repositories
+ timeout 45 helm repo update
Hang tight while we grab the latest from your chart repositories...
...Successfully got an update from the "prometheus-community" chart repository
Update Complete. ⎈Happy Helming!⎈
+ helm search repo prometheus-community/prometheus
+ sed -n 1,5p
NAME                                              	CHART VERSION	APP VERSION	DESCRIPTION                                       
prometheus-community/prometheus                   	29.36.0      	v3.15.0    	Prometheus is a monitoring system and time seri...
prometheus-community/prometheus-adapter           	5.3.0        	v0.12.0    	A Helm chart for k8s prometheus adapter           
prometheus-community/prometheus-blackbox-exporter 	11.20.0      	v0.29.0    	Prometheus Blackbox Exporter                      
prometheus-community/prometheus-cloudwatch-expo...	0.28.2       	0.16.0     	A Helm chart for prometheus cloudwatch-exporter   
+ helm install notes ./notes-chart --namespace helm-homework --create-namespace --wait --timeout 180s
NAME: notes
LAST DEPLOYED: Wed Oct  7 16:16:41 2026
NAMESPACE: helm-homework
STATUS: deployed
REVISION: 1
TEST SUITE: None
+ helm list -n helm-homework
NAME 	NAMESPACE    	REVISION	UPDATED                                	STATUS  	CHART            	APP VERSION
notes	helm-homework	1       	2026-10-07 16:16:41.024402993 +0000 UTC	deployed	notes-chart-0.1.0	1.0        
+ helm status notes -n helm-homework
NAME: notes
LAST DEPLOYED: Wed Oct  7 16:16:41 2026
NAMESPACE: helm-homework
STATUS: deployed
REVISION: 1
TEST SUITE: None
+ helm get values notes -n helm-homework
USER-SUPPLIED VALUES:
null
+ helm get manifest notes -n helm-homework
---
# Source: notes-chart/templates/configmap.yaml
apiVersion: v1
kind: ConfigMap
metadata:
  name: notes-config
data:
  APP_NAME: "notes-app"
  ENVIRONMENT: "development"
---
# Source: notes-chart/templates/service.yaml
apiVersion: v1
kind: Service
metadata:
  name: notes-svc
spec:
  type: NodePort
  selector:
    app: notes
  ports:
    - port: 80
      targetPort: 80
      nodePort: 30090
---
# Source: notes-chart/templates/deployment.yaml
apiVersion: apps/v1
kind: Deployment
metadata:
  name: notes-deploy
  labels:
    app: notes
    environment: development
spec:
  replicas: 1
  selector:
    matchLabels:
      app: notes
  template:
    metadata:
      labels:
        app: notes
    spec:
      containers:
        - name: notes
          image: "nginx:1.26"
          ports:
            - containerPort: 80
          envFrom:
            - configMapRef:
                name: notes-config

+ helm upgrade notes ./notes-chart -n helm-homework -f notes-chart/values-prod.yaml --wait --timeout 180s
Release "notes" has been upgraded. Happy Helming!
NAME: notes
LAST DEPLOYED: Wed Oct  7 16:17:04 2026
NAMESPACE: helm-homework
STATUS: deployed
REVISION: 2
TEST SUITE: None
+ kubectl get pods,svc -n helm-homework
NAME                               READY   STATUS    RESTARTS   AGE
pod/notes-deploy-f9db77cd8-jkk4r   1/1     Running   0          22s
pod/notes-deploy-f9db77cd8-kh2n9   1/1     Running   0          12s

NAME                TYPE       CLUSTER-IP      EXTERNAL-IP   PORT(S)        AGE
service/notes-svc   NodePort   10.109.136.36   <none>        80:30090/TCP   48s
+ helm upgrade notes ./notes-chart -n helm-homework --set image.tag=1.28 --set replicaCount=3 --wait --timeout 180s
Release "notes" has been upgraded. Happy Helming!
NAME: notes
LAST DEPLOYED: Wed Oct  7 16:17:36 2026
NAMESPACE: helm-homework
STATUS: deployed
REVISION: 3
TEST SUITE: None
+ helm history notes -n helm-homework
REVISION	UPDATED                 	STATUS    	CHART            	APP VERSION	DESCRIPTION     
1       	Wed Oct  7 16:16:41 2026	superseded	notes-chart-0.1.0	1.0        	Install complete
2       	Wed Oct  7 16:17:04 2026	superseded	notes-chart-0.1.0	1.0        	Upgrade complete
3       	Wed Oct  7 16:17:36 2026	deployed  	notes-chart-0.1.0	1.0        	Upgrade complete
+ helm rollback notes 1 -n helm-homework --wait --timeout 180s
Rollback was a success! Happy Helming!
+ helm history notes -n helm-homework
REVISION	UPDATED                 	STATUS    	CHART            	APP VERSION	DESCRIPTION     
1       	Wed Oct  7 16:16:41 2026	superseded	notes-chart-0.1.0	1.0        	Install complete
2       	Wed Oct  7 16:17:04 2026	superseded	notes-chart-0.1.0	1.0        	Upgrade complete
3       	Wed Oct  7 16:17:36 2026	superseded	notes-chart-0.1.0	1.0        	Upgrade complete
4       	Wed Oct  7 16:18:37 2026	deployed  	notes-chart-0.1.0	1.0        	Rollback to 1   
+ kubectl get pods,configmap,svc -n helm-homework
NAME                               READY   STATUS    RESTARTS   AGE
pod/notes-deploy-dbbc8cb77-9rtg6   1/1     Running   0          7s

NAME                         DATA   AGE
configmap/kube-root-ca.crt   1      2m7s
configmap/notes-config       2      2m7s

NAME                TYPE       CLUSTER-IP      EXTERNAL-IP   PORT(S)        AGE
service/notes-svc   NodePort   10.109.136.36   <none>        80:30090/TCP   2m7s
