* [shubham] minikube v1.37.0 on Ubuntu 20.04
! minikube skips various validations when --force is supplied; this may lead to unexpected behavior
! Specified Kubernetes version 1.34.1 is newer than the newest supported version: v1.34.0. Use `minikube config defaults kubernetes-version` for details.
! Specified Kubernetes version 1.34.1 not found in Kubernetes version list
* Searching the internet for Kubernetes version...
* minikube 1.39.0 is available! Download it: https://github.com/kubernetes/minikube/releases/tag/v1.39.0
* To disable this notice, run: 'minikube config set WantUpdateNotification false'

* Kubernetes version 1.34.1 found in GitHub version list
* Using the docker driver based on user configuration

X docker only has 929MiB available, less than the required 1800MiB for Kubernetes


X System only has 929MiB available, less than the required 1800MiB for Kubernetes


X Requested memory allocation 750MiB is less than the usable minimum of 1800MB


X Requested memory allocation (750MB) is less than the recommended minimum 1900MB. Deployments may fail.


X The requested memory allocation of 750MiB does not leave room for system overhead (total system memory: 929MiB). You may face stability issues.
* Suggestion: Start minikube with less memory allocated: 'minikube start --memory=750mb'

* Using Docker driver with root privileges
* Starting "shubham" primary control-plane node in "shubham" cluster
* Pulling base image v0.0.48 ...
* Downloading Kubernetes v1.34.1 preload ...
* Configuring bridge CNI (Container Networking Interface) ...
* Verifying Kubernetes components...
  - Using image gcr.io/k8s-minikube/storage-provisioner:v5
* Enabled addons: default-storageclass, storage-provisioner
* Done! kubectl is now configured to use "shubham" cluster and "default" namespace by default
